Archive member included to satisfy reference by file (symbol)

c:/st/stm32cubeide_1.12.0/stm32cubeide/plugins/com.st.stm32cube.ide.mcu.externaltools.gnu-tools-for-stm32.10.3-2021.10.win32_1.0.200.202301161003/tools/bin/../lib/gcc/arm-none-eabi/10.3.1/../../../../arm-none-eabi/lib/thumb/v7-m/nofp\libc_nano.a(lib_a-errno.o)
                              ./Core/Src/syscalls.o (__errno)
c:/st/stm32cubeide_1.12.0/stm32cubeide/plugins/com.st.stm32cube.ide.mcu.externaltools.gnu-tools-for-stm32.10.3-2021.10.win32_1.0.200.202301161003/tools/bin/../lib/gcc/arm-none-eabi/10.3.1/../../../../arm-none-eabi/lib/thumb/v7-m/nofp\libc_nano.a(lib_a-exit.o)
                              c:/st/stm32cubeide_1.12.0/stm32cubeide/plugins/com.st.stm32cube.ide.mcu.externaltools.gnu-tools-for-stm32.10.3-2021.10.win32_1.0.200.202301161003/tools/bin/../lib/gcc/arm-none-eabi/10.3.1/../../../../arm-none-eabi/lib/thumb/v7-m/nofp/crt0.o (exit)
c:/st/stm32cubeide_1.12.0/stm32cubeide/plugins/com.st.stm32cube.ide.mcu.externaltools.gnu-tools-for-stm32.10.3-2021.10.win32_1.0.200.202301161003/tools/bin/../lib/gcc/arm-none-eabi/10.3.1/../../../../arm-none-eabi/lib/thumb/v7-m/nofp\libc_nano.a(lib_a-impure.o)
                              c:/st/stm32cubeide_1.12.0/stm32cubeide/plugins/com.st.stm32cube.ide.mcu.externaltools.gnu-tools-for-stm32.10.3-2021.10.win32_1.0.200.202301161003/tools/bin/../lib/gcc/arm-none-eabi/10.3.1/../../../../arm-none-eabi/lib/thumb/v7-m/nofp\libc_nano.a(lib_a-exit.o) (_global_impure_ptr)
c:/st/stm32cubeide_1.12.0/stm32cubeide/plugins/com.st.stm32cube.ide.mcu.externaltools.gnu-tools-for-stm32.10.3-2021.10.win32_1.0.200.202301161003/tools/bin/../lib/gcc/arm-none-eabi/10.3.1/../../../../arm-none-eabi/lib/thumb/v7-m/nofp\libc_nano.a(lib_a-init.o)
                              c:/st/stm32cubeide_1.12.0/stm32cubeide/plugins/com.st.stm32cube.ide.mcu.externaltools.gnu-tools-for-stm32.10.3-2021.10.win32_1.0.200.202301161003/tools/bin/../lib/gcc/arm-none-eabi/10.3.1/../../../../arm-none-eabi/lib/thumb/v7-m/nofp/crt0.o (__libc_init_array)
c:/st/stm32cubeide_1.12.0/stm32cubeide/plugins/com.st.stm32cube.ide.mcu.externaltools.gnu-tools-for-stm32.10.3-2021.10.win32_1.0.200.202301161003/tools/bin/../lib/gcc/arm-none-eabi/10.3.1/../../../../arm-none-eabi/lib/thumb/v7-m/nofp\libc_nano.a(lib_a-memset.o)
                              c:/st/stm32cubeide_1.12.0/stm32cubeide/plugins/com.st.stm32cube.ide.mcu.externaltools.gnu-tools-for-stm32.10.3-2021.10.win32_1.0.200.202301161003/tools/bin/../lib/gcc/arm-none-eabi/10.3.1/../../../../arm-none-eabi/lib/thumb/v7-m/nofp/crt0.o (memset)

Discarded input sections

 .text          0x0000000000000000        0x0 c:/st/stm32cubeide_1.12.0/stm32cubeide/plugins/com.st.stm32cube.ide.mcu.externaltools.gnu-tools-for-stm32.10.3-2021.10.win32_1.0.200.202301161003/tools/bin/../lib/gcc/arm-none-eabi/10.3.1/thumb/v7-m/nofp/crti.o
 .data          0x0000000000000000        0x0 c:/st/stm32cubeide_1.12.0/stm32cubeide/plugins/com.st.stm32cube.ide.mcu.externaltools.gnu-tools-for-stm32.10.3-2021.10.win32_1.0.200.202301161003/tools/bin/../lib/gcc/arm-none-eabi/10.3.1/thumb/v7-m/nofp/crti.o
 .bss           0x0000000000000000        0x0 c:/st/stm32cubeide_1.12.0/stm32cubeide/plugins/com.st.stm32cube.ide.mcu.externaltools.gnu-tools-for-stm32.10.3-2021.10.win32_1.0.200.202301161003/tools/bin/../lib/gcc/arm-none-eabi/10.3.1/thumb/v7-m/nofp/crti.o
 .data          0x0000000000000000        0x4 c:/st/stm32cubeide_1.12.0/stm32cubeide/plugins/com.st.stm32cube.ide.mcu.externaltools.gnu-tools-for-stm32.10.3-2021.10.win32_1.0.200.202301161003/tools/bin/../lib/gcc/arm-none-eabi/10.3.1/thumb/v7-m/nofp/crtbegin.o
 .rodata        0x0000000000000000       0x24 c:/st/stm32cubeide_1.12.0/stm32cubeide/plugins/com.st.stm32cube.ide.mcu.externaltools.gnu-tools-for-stm32.10.3-2021.10.win32_1.0.200.202301161003/tools/bin/../lib/gcc/arm-none-eabi/10.3.1/thumb/v7-m/nofp/crtbegin.o
 .text          0x0000000000000000       0x7c c:/st/stm32cubeide_1.12.0/stm32cubeide/plugins/com.st.stm32cube.ide.mcu.externaltools.gnu-tools-for-stm32.10.3-2021.10.win32_1.0.200.202301161003/tools/bin/../lib/gcc/arm-none-eabi/10.3.1/../../../../arm-none-eabi/lib/thumb/v7-m/nofp/crt0.o
 .data          0x0000000000000000        0x0 c:/st/stm32cubeide_1.12.0/stm32cubeide/plugins/com.st.stm32cube.ide.mcu.externaltools.gnu-tools-for-stm32.10.3-2021.10.win32_1.0.200.202301161003/tools/bin/../lib/gcc/arm-none-eabi/10.3.1/../../../../arm-none-eabi/lib/thumb/v7-m/nofp/crt0.o
 .bss           0x0000000000000000        0x0 c:/st/stm32cubeide_1.12.0/stm32cubeide/plugins/com.st.stm32cube.ide.mcu.externaltools.gnu-tools-for-stm32.10.3-2021.10.win32_1.0.200.202301161003/tools/bin/../lib/gcc/arm-none-eabi/10.3.1/../../../../arm-none-eabi/lib/thumb/v7-m/nofp/crt0.o
[...]
Memory Configuration

Name             Origin             Length             Attributes
RAM              0x0000000020000000 0x0000000000005000 xrw
FLASH            0x0000000008000000 0x0000000000020000 xr
*default*        0x0000000000000000 0xffffffffffffffff

Linker script and memory map

LOAD c:/st/stm32cubeide_1.12.0/stm32cubeide/plugins/com.st.stm32cube.ide.mcu.externaltools.gnu-tools-for-stm32.10.3-2021.10.win32_1.0.200.202301161003/tools/bin/../lib/gcc/arm-none-eabi/10.3.1/thumb/v7-m/nofp/crti.o
LOAD c:/st/stm32cubeide_1.12.0/stm32cubeide/plugins/com.st.stm32cube.ide.mcu.externaltools.gnu-tools-for-stm32.10.3-2021.10.win32_1.0.200.202301161003/tools/bin/../lib/gcc/arm-none-eabi/10.3.1/thumb/v7-m/nofp/crtbegin.o
LOAD c:/st/stm32cubeide_1.12.0/stm32cubeide/plugins/com.st.stm32cube.ide.mcu.externaltools.gnu-tools-for-stm32.10.3-2021.10.win32_1.0.200.202301161003/tools/bin/../lib/gcc/arm-none-eabi/10.3.1/../../../../arm-none-eabi/lib/thumb/v7-m/nofp/crt0.o
LOAD ./Core/Src/main.o
LOAD ./Core/Src/stm32f1xx_hal_msp.o
LOAD ./Core/Src/stm32f1xx_it.o
LOAD ./Core/Src/syscalls.o
LOAD ./Core/Src/sysmem.o
LOAD ./Core/Src/system_stm32f1xx.o
LOAD ./Core/Startup/startup_stm32f103cbtx.o
LOAD ./Drivers/STM32F1xx_HAL_Driver/Src/stm32f1xx_hal.o
LOAD ./Drivers/STM32F1xx_HAL_Driver/Src/stm32f1xx_hal_cortex.o
LOAD ./Drivers/STM32F1xx_HAL_Driver/Src/stm32f1xx_hal_crc.o
LOAD ./Drivers/STM32F1xx_HAL_Driver/Src/stm32f1xx_hal_dma.o
LOAD ./Drivers/STM32F1xx_HAL_Driver/Src/stm32f1xx_hal_exti.o
LOAD ./Drivers/STM32F1xx_HAL_Driver/Src/stm32f1xx_hal_flash.o
LOAD ./Drivers/STM32F1xx_HAL_Driver/Src/stm32f1xx_hal_flash_ex.o
LOAD ./Drivers/STM32F1xx_HAL_Driver/Src/stm32f1xx_hal_gpio.o
LOAD ./Drivers/STM32F1xx_HAL_Driver/Src/stm32f1xx_hal_gpio_ex.o
LOAD ./Drivers/STM32F1xx_HAL_Driver/Src/stm32f1xx_hal_i2c.o
LOAD ./Drivers/STM32F1xx_HAL_Driver/Src/stm32f1xx_hal_pwr.o
LOAD ./Drivers/STM32F1xx_HAL_Driver/Src/stm32f1xx_hal_rcc.o
LOAD ./Drivers/STM32F1xx_HAL_Driver/Src/stm32f1xx_hal_rcc_ex.o
START GROUP
LOAD c:/st/stm32cubeide_1.12.0/stm32cubeide/plugins/com.st.stm32cube.ide.mcu.externaltools.gnu-tools-for-stm32.10.3-2021.10.win32_1.0.200.202301161003/tools/bin/../lib/gcc/arm-none-eabi/10.3.1/../../../../arm-none-eabi/lib/thumb/v7-m/nofp\libc_nano.a
LOAD c:/st/stm32cubeide_1.12.0/stm32cubeide/plugins/com.st.stm32cube.ide.mcu.externaltools.gnu-tools-for-stm32.10.3-2021.10.win32_1.0.200.202301161003/tools/bin/../lib/gcc/arm-none-eabi/10.3.1/../../../../arm-none-eabi/lib/thumb/v7-m/nofp\libm.a
END GROUP
START GROUP
LOAD c:/st/stm32cubeide_1.12.0/stm32cubeide/plugins/com.st.stm32cube.ide.mcu.externaltools.gnu-tools-for-stm32.10.3-2021.10.win32_1.0.200.202301161003/tools/bin/../lib/gcc/arm-none-eabi/10.3.1/thumb/v7-m/nofp\libgcc.a
LOAD c:/st/stm32cubeide_1.12.0/stm32cubeide/plugins/com.st.stm32cube.ide.mcu.externaltools.gnu-tools-for-stm32.10.3-2021.10.win32_1.0.200.202301161003/tools/bin/../lib/gcc/arm-none-eabi/10.3.1/../../../../arm-none-eabi/lib/thumb/v7-m/nofp\libc_nano.a
END GROUP
START GROUP
LOAD c:/st/stm32cubeide_1.12.0/stm32cubeide/plugins/com.st.stm32cube.ide.mcu.externaltools.gnu-tools-for-stm32.10.3-2021.10.win32_1.0.200.202301161003/tools/bin/../lib/gcc/arm-none-eabi/10.3.1/thumb/v7-m/nofp\libgcc.a
LOAD c:/st/stm32cubeide_1.12.0/stm32cubeide/plugins/com.st.stm32cube.ide.mcu.externaltools.gnu-tools-for-stm32.10.3-2021.10.win32_1.0.200.202301161003/tools/bin/../lib/gcc/arm-none-eabi/10.3.1/../../../../arm-none-eabi/lib/thumb/v7-m/nofp\libc_nano.a
LOAD c:/st/stm32cubeide_1.12.0/stm32cubeide/plugins/com.st.stm32cube.ide.mcu.externaltools.gnu-tools-for-stm32.10.3-2021.10.win32_1.0.200.202301161003/tools/bin/../lib/gcc/arm-none-eabi/10.3.1/../../../../arm-none-eabi/lib/thumb/v7-m/nofp\libnosys.a
END GROUP
START GROUP
LOAD c:/st/stm32cubeide_1.12.0/stm32cubeide/plugins/com.st.stm32cube.ide.mcu.externaltools.gnu-tools-for-stm32.10.3-2021.10.win32_1.0.200.202301161003/tools/bin/../lib/gcc/arm-none-eabi/10.3.1/thumb/v7-m/nofp\libgcc.a
LOAD c:/st/stm32cubeide_1.12.0/stm32cubeide/plugins/com.st.stm32cube.ide.mcu.externaltools.gnu-tools-for-stm32.10.3-2021.10.win32_1.0.200.202301161003/tools/bin/../lib/gcc/arm-none-eabi/10.3.1/../../../../arm-none-eabi/lib/thumb/v7-m/nofp\libc_nano.a
LOAD c:/st/stm32cubeide_1.12.0/stm32cubeide/plugins/com.st.stm32cube.ide.mcu.externaltools.gnu-tools-for-stm32.10.3-2021.10.win32_1.0.200.202301161003/tools/bin/../lib/gcc/arm-none-eabi/10.3.1/../../../../arm-none-eabi/lib/thumb/v7-m/nofp\libnosys.a
END GROUP
LOAD c:/st/stm32cubeide_1.12.0/stm32cubeide/plugins/com.st.stm32cube.ide.mcu.externaltools.gnu-tools-for-stm32.10.3-2021.10.win32_1.0.200.202301161003/tools/bin/../lib/gcc/arm-none-eabi/10.3.1/thumb/v7-m/nofp/crtend.o
LOAD c:/st/stm32cubeide_1.12.0/stm32cubeide/plugins/com.st.stm32cube.ide.mcu.externaltools.gnu-tools-for-stm32.10.3-2021.10.win32_1.0.200.202301161003/tools/bin/../lib/gcc/arm-none-eabi/10.3.1/thumb/v7-m/nofp/crtn.o
                0x0000000020005000                _estack = (ORIGIN (RAM) + LENGTH (RAM))
                0x0000000000000200                _Min_Heap_Size = 0x200
                0x0000000000000400                _Min_Stack_Size = 0x400

.isr_vector     0x0000000008000000      0x10c
                0x0000000008000000                . = ALIGN (0x4)
 *(.isr_vector)
 .isr_vector    0x0000000008000000      0x10c ./Core/Startup/startup_stm32f103cbtx.o
                0x0000000008000000                g_pfnVectors
                0x000000000800010c                . = ALIGN (0x4)

.text           0x000000000800010c     0x1418
                0x000000000800010c                . = ALIGN (0x4)
 *(.text)
 .text          0x000000000800010c       0x40 c:/st/stm32cubeide_1.12.0/stm32cubeide/plugins/com.st.stm32cube.ide.mcu.externaltools.gnu-tools-for-stm32.10.3-2021.10.win32_1.0.200.202301161003/tools/bin/../lib/gcc/arm-none-eabi/10.3.1/thumb/v7-m/nofp/crtbegin.o
 *(.text*)
 .text.main     0x000000000800014c       0x1a ./Core/Src/main.o
                0x000000000800014c                main
 .text.SystemClock_Config
                0x0000000008000166       0x8a ./Core/Src/main.o
                0x0000000008000166                SystemClock_Config
 .text.MX_CRC_Init
                0x00000000080001f0       0x28 ./Core/Src/main.o
 .text.MX_I2C1_Init
                0x0000000008000218       0x5c ./Core/Src/main.o
 .text.MX_GPIO_Init
                0x0000000008000274       0x44 ./Core/Src/main.o
 .text.Error_Handler
                0x00000000080002b8        0xa ./Core/Src/main.o
                0x00000000080002b8                Error_Handler
 *fill*         0x00000000080002c2        0x2 
 .text.HAL_MspInit
                0x00000000080002c4       0x44 ./Core/Src/stm32f1xx_hal_msp.o
                0x00000000080002c4                HAL_MspInit
 .text.HAL_CRC_MspInit
                0x0000000008000308       0x3c ./Core/Src/stm32f1xx_hal_msp.o
                0x0000000008000308                HAL_CRC_MspInit
 .text.HAL_I2C_MspInit
                0x0000000008000344       0x7c ./Core/Src/stm32f1xx_hal_msp.o
                0x0000000008000344                HAL_I2C_MspInit
 .text.NMI_Handler
                0x00000000080003c0        0x6 ./Core/Src/stm32f1xx_it.o
                0x00000000080003c0                NMI_Handler
 .text.HardFault_Handler
                0x00000000080003c6        0x6 ./Core/Src/stm32f1xx_it.o
                0x00000000080003c6                HardFault_Handler
 .text.MemManage_Handler
                0x00000000080003cc        0x6 ./Core/Src/stm32f1xx_it.o
                0x00000000080003cc                MemManage_Handler
 .text.BusFault_Handler
                0x00000000080003d2        0x6 ./Core/Src/stm32f1xx_it.o
                0x00000000080003d2                BusFault_Handler
 .text.UsageFault_Handler
                0x00000000080003d8        0x6 ./Core/Src/stm32f1xx_it.o
                0x00000000080003d8                UsageFault_Handler
 .text.SVC_Handler
                0x00000000080003de        0xc ./Core/Src/stm32f1xx_it.o
                0x00000000080003de                SVC_Handler
 .text.DebugMon_Handler
                0x00000000080003ea        0xc ./Core/Src/stm32f1xx_it.o
                0x00000000080003ea                DebugMon_Handler
 .text.PendSV_Handler
                0x00000000080003f6        0xc ./Core/Src/stm32f1xx_it.o
                0x00000000080003f6                PendSV_Handler
 .text.SysTick_Handler
                0x0000000008000402        0xc ./Core/Src/stm32f1xx_it.o
                0x0000000008000402                SysTick_Handler
 .text.SystemInit
                0x000000000800040e        0xc ./Core/Src/system_stm32f1xx.o
                0x000000000800040e                SystemInit
 *fill*         0x000000000800041a        0x2 
 .text.Reset_Handler
                0x000000000800041c       0x48 ./Core/Startup/startup_stm32f103cbtx.o
                0x000000000800041c                Reset_Handler
 .text.Default_Handler
                0x0000000008000464        0x2 ./Core/Startup/startup_stm32f103cbtx.o
                0x0000000008000464                RTC_Alarm_IRQHandler
                0x0000000008000464                EXTI2_IRQHandler
                0x0000000008000464                TIM1_CC_IRQHandler
                0x0000000008000464                PVD_IRQHandler
                0x0000000008000464                EXTI3_IRQHandler
                0x0000000008000464                EXTI0_IRQHandler
                0x0000000008000464                I2C2_EV_IRQHandler
                0x0000000008000464                ADC1_2_IRQHandler
                0x0000000008000464                SPI1_IRQHandler
                0x0000000008000464                TAMPER_IRQHandler
                0x0000000008000464                DMA1_Channel4_IRQHandler
                0x0000000008000464                USART3_IRQHandler
                0x0000000008000464                RTC_IRQHandler
                0x0000000008000464                DMA1_Channel7_IRQHandler
                0x0000000008000464                CAN1_RX1_IRQHandler
                0x0000000008000464                TIM4_IRQHandler
                0x0000000008000464                I2C1_EV_IRQHandler
                0x0000000008000464                DMA1_Channel6_IRQHandler
                0x0000000008000464                TIM3_IRQHandler
                0x0000000008000464                RCC_IRQHandler
                0x0000000008000464                TIM1_TRG_COM_IRQHandler
                0x0000000008000464                DMA1_Channel1_IRQHandler
                0x0000000008000464                Default_Handler
                0x0000000008000464                EXTI15_10_IRQHandler
                0x0000000008000464                EXTI9_5_IRQHandler
                0x0000000008000464                SPI2_IRQHandler
                0x0000000008000464                DMA1_Channel5_IRQHandler
                0x0000000008000464                EXTI4_IRQHandler
                0x0000000008000464                USB_LP_CAN1_RX0_IRQHandler
                0x0000000008000464                USB_HP_CAN1_TX_IRQHandler
                0x0000000008000464                DMA1_Channel3_IRQHandler
                0x0000000008000464                TIM1_UP_IRQHandler
                0x0000000008000464                WWDG_IRQHandler
                0x0000000008000464                TIM2_IRQHandler
                0x0000000008000464                TIM1_BRK_IRQHandler
                0x0000000008000464                EXTI1_IRQHandler
                0x0000000008000464                USART2_IRQHandler
                0x0000000008000464                I2C2_ER_IRQHandler
                0x0000000008000464                DMA1_Channel2_IRQHandler
                0x0000000008000464                CAN1_SCE_IRQHandler
                0x0000000008000464                FLASH_IRQHandler
                0x0000000008000464                USART1_IRQHandler
                0x0000000008000464                I2C1_ER_IRQHandler
                0x0000000008000464                USBWakeUp_IRQHandler
 *fill*         0x0000000008000466        0x2 
 .text.HAL_Init
                0x0000000008000468       0x2c ./Drivers/STM32F1xx_HAL_Driver/Src/stm32f1xx_hal.o
                0x0000000008000468                HAL_Init
 .text.HAL_InitTick
                0x0000000008000494       0x60 ./Drivers/STM32F1xx_HAL_Driver/Src/stm32f1xx_hal.o
                0x0000000008000494                HAL_InitTick
 .text.HAL_IncTick
                0x00000000080004f4       0x24 ./Drivers/STM32F1xx_HAL_Driver/Src/stm32f1xx_hal.o
                0x00000000080004f4                HAL_IncTick
 .text.HAL_GetTick
                0x0000000008000518       0x14 ./Drivers/STM32F1xx_HAL_Driver/Src/stm32f1xx_hal.o
                0x0000000008000518                HAL_GetTick
 .text.__NVIC_SetPriorityGrouping
                0x000000000800052c       0x48 ./Drivers/STM32F1xx_HAL_Driver/Src/stm32f1xx_hal_cortex.o
 .text.__NVIC_GetPriorityGrouping
                0x0000000008000574       0x1c ./Drivers/STM32F1xx_HAL_Driver/Src/stm32f1xx_hal_cortex.o
 .text.__NVIC_SetPriority
                0x0000000008000590       0x54 ./Drivers/STM32F1xx_HAL_Driver/Src/stm32f1xx_hal_cortex.o
 .text.NVIC_EncodePriority
                0x00000000080005e4       0x64 ./Drivers/STM32F1xx_HAL_Driver/Src/stm32f1xx_hal_cortex.o
 .text.SysTick_Config
                0x0000000008000648       0x44 ./Drivers/STM32F1xx_HAL_Driver/Src/stm32f1xx_hal_cortex.o
 .text.HAL_NVIC_SetPriorityGrouping
                0x000000000800068c       0x16 ./Drivers/STM32F1xx_HAL_Driver/Src/stm32f1xx_hal_cortex.o
                0x000000000800068c                HAL_NVIC_SetPriorityGrouping
 .text.HAL_NVIC_SetPriority
                0x00000000080006a2       0x38 ./Drivers/STM32F1xx_HAL_Driver/Src/stm32f1xx_hal_cortex.o
                0x00000000080006a2                HAL_NVIC_SetPriority
 .text.HAL_SYSTICK_Config
                0x00000000080006da       0x18 ./Drivers/STM32F1xx_HAL_Driver/Src/stm32f1xx_hal_cortex.o
                0x00000000080006da                HAL_SYSTICK_Config
 .text.HAL_CRC_Init
                0x00000000080006f2       0x38 ./Drivers/STM32F1xx_HAL_Driver/Src/stm32f1xx_hal_crc.o
                0x00000000080006f2                HAL_CRC_Init
 *fill*         0x000000000800072a        0x2 
 .text.HAL_GPIO_Init
                0x000000000800072c      0x308 ./Drivers/STM32F1xx_HAL_Driver/Src/stm32f1xx_hal_gpio.o
                0x000000000800072c                HAL_GPIO_Init
 .text.HAL_I2C_Init
                0x0000000008000a34      0x288 ./Drivers/STM32F1xx_HAL_Driver/Src/stm32f1xx_hal_i2c.o
                0x0000000008000a34                HAL_I2C_Init
 .text.HAL_RCC_OscConfig
                0x0000000008000cbc      0x504 ./Drivers/STM32F1xx_HAL_Driver/Src/stm32f1xx_hal_rcc.o
                0x0000000008000cbc                HAL_RCC_OscConfig
 .text.HAL_RCC_ClockConfig
                0x00000000080011c0      0x1d4 ./Drivers/STM32F1xx_HAL_Driver/Src/stm32f1xx_hal_rcc.o
                0x00000000080011c0                HAL_RCC_ClockConfig
 .text.HAL_RCC_GetSysClockFreq
                0x0000000008001394       0xa8 ./Drivers/STM32F1xx_HAL_Driver/Src/stm32f1xx_hal_rcc.o
                0x0000000008001394                HAL_RCC_GetSysClockFreq
 .text.HAL_RCC_GetHCLKFreq
                0x000000000800143c       0x14 ./Drivers/STM32F1xx_HAL_Driver/Src/stm32f1xx_hal_rcc.o
                0x000000000800143c                HAL_RCC_GetHCLKFreq
 .text.HAL_RCC_GetPCLK1Freq
                0x0000000008001450       0x28 ./Drivers/STM32F1xx_HAL_Driver/Src/stm32f1xx_hal_rcc.o
                0x0000000008001450                HAL_RCC_GetPCLK1Freq
 .text.RCC_Delay
                0x0000000008001478       0x3c ./Drivers/STM32F1xx_HAL_Driver/Src/stm32f1xx_hal_rcc.o
 .text.__libc_init_array
                0x00000000080014b4       0x48 c:/st/stm32cubeide_1.12.0/stm32cubeide/plugins/com.st.stm32cube.ide.mcu.externaltools.gnu-tools-for-stm32.10.3-2021.10.win32_1.0.200.202301161003/tools/bin/../lib/gcc/arm-none-eabi/10.3.1/../../../../arm-none-eabi/lib/thumb/v7-m/nofp\libc_nano.a(lib_a-init.o)
                0x00000000080014b4                __libc_init_array
 .text.memset   0x00000000080014fc       0x10 c:/st/stm32cubeide_1.12.0/stm32cubeide/plugins/com.st.stm32cube.ide.mcu.externaltools.gnu-tools-for-stm32.10.3-2021.10.win32_1.0.200.202301161003/tools/bin/../lib/gcc/arm-none-eabi/10.3.1/../../../../arm-none-eabi/lib/thumb/v7-m/nofp\libc_nano.a(lib_a-memset.o)
                0x00000000080014fc                memset
 *(.glue_7)
 .glue_7        0x000000000800150c        0x0 linker stubs
 *(.glue_7t)
 .glue_7t       0x000000000800150c        0x0 linker stubs
 *(.eh_frame)
 .eh_frame      0x000000000800150c        0x0 c:/st/stm32cubeide_1.12.0/stm32cubeide/plugins/com.st.stm32cube.ide.mcu.externaltools.gnu-tools-for-stm32.10.3-2021.10.win32_1.0.200.202301161003/tools/bin/../lib/gcc/arm-none-eabi/10.3.1/thumb/v7-m/nofp/crtbegin.o
 *(.init)
 .init          0x000000000800150c        0x4 c:/st/stm32cubeide_1.12.0/stm32cubeide/plugins/com.st.stm32cube.ide.mcu.externaltools.gnu-tools-for-stm32.10.3-2021.10.win32_1.0.200.202301161003/tools/bin/../lib/gcc/arm-none-eabi/10.3.1/thumb/v7-m/nofp/crti.o
                0x000000000800150c                _init
 .init          0x0000000008001510        0x8 c:/st/stm32cubeide_1.12.0/stm32cubeide/plugins/com.st.stm32cube.ide.mcu.externaltools.gnu-tools-for-stm32.10.3-2021.10.win32_1.0.200.202301161003/tools/bin/../lib/gcc/arm-none-eabi/10.3.1/thumb/v7-m/nofp/crtn.o
 *(.fini)
 .fini          0x0000000008001518        0x4 c:/st/stm32cubeide_1.12.0/stm32cubeide/plugins/com.st.stm32cube.ide.mcu.externaltools.gnu-tools-for-stm32.10.3-2021.10.win32_1.0.200.202301161003/tools/bin/../lib/gcc/arm-none-eabi/10.3.1/thumb/v7-m/nofp/crti.o
                0x0000000008001518                _fini
 .fini          0x000000000800151c        0x8 c:/st/stm32cubeide_1.12.0/stm32cubeide/plugins/com.st.stm32cube.ide.mcu.externaltools.gnu-tools-for-stm32.10.3-2021.10.win32_1.0.200.202301161003/tools/bin/../lib/gcc/arm-none-eabi/10.3.1/thumb/v7-m/nofp/crtn.o
                0x0000000008001524                . = ALIGN (0x4)
                0x0000000008001524                _etext = .

.vfp11_veneer   0x0000000008001524        0x0
 .vfp11_veneer  0x0000000008001524        0x0 linker stubs

.v4_bx          0x0000000008001524        0x0
 .v4_bx         0x0000000008001524        0x0 linker stubs

.iplt           0x0000000008001524        0x0
 .iplt          0x0000000008001524        0x0 c:/st/stm32cubeide_1.12.0/stm32cubeide/plugins/com.st.stm32cube.ide.mcu.externaltools.gnu-tools-for-stm32.10.3-2021.10.win32_1.0.200.202301161003/tools/bin/../lib/gcc/arm-none-eabi/10.3.1/thumb/v7-m/nofp/crtbegin.o

.rodata         0x0000000008001524       0x2c
                0x0000000008001524                . = ALIGN (0x4)
 *(.rodata)
 *(.rodata*)
 .rodata.AHBPrescTable
                0x0000000008001524       0x10 ./Core/Src/system_stm32f1xx.o
                0x0000000008001524                AHBPrescTable
 .rodata.APBPrescTable
                0x0000000008001534        0x8 ./Core/Src/system_stm32f1xx.o
                0x0000000008001534                APBPrescTable
 .rodata.aPLLMULFactorTable.1
                0x000000000800153c       0x10 ./Drivers/STM32F1xx_HAL_Driver/Src/stm32f1xx_hal_rcc.o
 .rodata.aPredivFactorTable.0
                0x000000000800154c        0x2 ./Drivers/STM32F1xx_HAL_Driver/Src/stm32f1xx_hal_rcc.o
                0x0000000008001550                . = ALIGN (0x4)
 *fill*         0x000000000800154e        0x2 

.rel.dyn        0x0000000008001550        0x0
 .rel.iplt      0x0000000008001550        0x0 c:/st/stm32cubeide_1.12.0/stm32cubeide/plugins/com.st.stm32cube.ide.mcu.externaltools.gnu-tools-for-stm32.10.3-2021.10.win32_1.0.200.202301161003/tools/bin/../lib/gcc/arm-none-eabi/10.3.1/thumb/v7-m/nofp/crtbegin.o

.ARM.extab      0x0000000008001550        0x0
                0x0000000008001550                . = ALIGN (0x4)
 *(.ARM.extab* .gnu.linkonce.armextab.*)
                0x0000000008001550                . = ALIGN (0x4)

.ARM            0x0000000008001550        0x0
                0x0000000008001550                . = ALIGN (0x4)
                0x0000000008001550                __exidx_start = .
 *(.ARM.exidx*)
                0x0000000008001550                __exidx_end = .
                0x0000000008001550                . = ALIGN (0x4)

.preinit_array  0x0000000008001550        0x0
                0x0000000008001550                . = ALIGN (0x4)
                0x0000000008001550                PROVIDE (__preinit_array_start = .)
 *(.preinit_array*)
                0x0000000008001550                PROVIDE (__preinit_array_end = .)
                0x0000000008001550                . = ALIGN (0x4)

.init_array     0x0000000008001550        0x4
                0x0000000008001550                . = ALIGN (0x4)
                0x0000000008001550                PROVIDE (__init_array_start = .)
 *(SORT_BY_NAME(.init_array.*))
 *(.init_array*)
 .init_array    0x0000000008001550        0x4 c:/st/stm32cubeide_1.12.0/stm32cubeide/plugins/com.st.stm32cube.ide.mcu.externaltools.gnu-tools-for-stm32.10.3-2021.10.win32_1.0.200.202301161003/tools/bin/../lib/gcc/arm-none-eabi/10.3.1/thumb/v7-m/nofp/crtbegin.o
                0x0000000008001554                PROVIDE (__init_array_end = .)
                0x0000000008001554                . = ALIGN (0x4)

.fini_array     0x0000000008001554        0x4
                0x0000000008001554                . = ALIGN (0x4)
                [!provide]                        PROVIDE (__fini_array_start = .)
 *(SORT_BY_NAME(.fini_array.*))
 *(.fini_array*)
 .fini_array    0x0000000008001554        0x4 c:/st/stm32cubeide_1.12.0/stm32cubeide/plugins/com.st.stm32cube.ide.mcu.externaltools.gnu-tools-for-stm32.10.3-2021.10.win32_1.0.200.202301161003/tools/bin/../lib/gcc/arm-none-eabi/10.3.1/thumb/v7-m/nofp/crtbegin.o
                [!provide]                        PROVIDE (__fini_array_end = .)
                0x0000000008001558                . = ALIGN (0x4)
                0x0000000008001558                _sidata = LOADADDR (.data)

.data           0x0000000020000000        0xc load address 0x0000000008001558
                0x0000000020000000                . = ALIGN (0x4)
                0x0000000020000000                _sdata = .
 *(.data)
 *(.data*)
 .data.SystemCoreClock
                0x0000000020000000        0x4 ./Core/Src/system_stm32f1xx.o
                0x0000000020000000                SystemCoreClock
 .data.uwTickPrio
                0x0000000020000004        0x4 ./Drivers/STM32F1xx_HAL_Driver/Src/stm32f1xx_hal.o
                0x0000000020000004                uwTickPrio
 .data.uwTickFreq
                0x0000000020000008        0x1 ./Drivers/STM32F1xx_HAL_Driver/Src/stm32f1xx_hal.o
                0x0000000020000008                uwTickFreq
 *(.RamFunc)
 *(.RamFunc*)
                0x000000002000000c                . = ALIGN (0x4)
 *fill*         0x0000000020000009        0x3 
                0x000000002000000c                _edata = .

.igot.plt       0x000000002000000c        0x0 load address 0x0000000008001564
 .igot.plt      0x000000002000000c        0x0 c:/st/stm32cubeide_1.12.0/stm32cubeide/plugins/com.st.stm32cube.ide.mcu.externaltools.gnu-tools-for-stm32.10.3-2021.10.win32_1.0.200.202301161003/tools/bin/../lib/gcc/arm-none-eabi/10.3.1/thumb/v7-m/nofp/crtbegin.o
                0x000000002000000c                . = ALIGN (0x4)

.bss            0x000000002000000c       0x7c load address 0x0000000008001564
                0x000000002000000c                _sbss = .
                0x000000002000000c                __bss_start__ = _sbss
 *(.bss)
 .bss           0x000000002000000c       0x1c c:/st/stm32cubeide_1.12.0/stm32cubeide/plugins/com.st.stm32cube.ide.mcu.externaltools.gnu-tools-for-stm32.10.3-2021.10.win32_1.0.200.202301161003/tools/bin/../lib/gcc/arm-none-eabi/10.3.1/thumb/v7-m/nofp/crtbegin.o
 *(.bss*)
 .bss.hcrc      0x0000000020000028        0x8 ./Core/Src/main.o
                0x0000000020000028                hcrc
 .bss.hi2c1     0x0000000020000030       0x54 ./Core/Src/main.o
                0x0000000020000030                hi2c1
 .bss.uwTick    0x0000000020000084        0x4 ./Drivers/STM32F1xx_HAL_Driver/Src/stm32f1xx_hal.o
                0x0000000020000084                uwTick
 *(COMMON)
                0x0000000020000088                . = ALIGN (0x4)
                0x0000000020000088                _ebss = .
                0x0000000020000088                __bss_end__ = _ebss

._user_heap_stack
                0x0000000020000088      0x600 load address 0x0000000008001564
                0x0000000020000088                . = ALIGN (0x8)
                [!provide]                        PROVIDE (end = .)
                0x0000000020000088                PROVIDE (_end = .)
                0x0000000020000288                . = (. + _Min_Heap_Size)
 *fill*         0x0000000020000088      0x200 
                0x0000000020000688                . = (. + _Min_Stack_Size)
 *fill*         0x0000000020000288      0x400 
                0x0000000020000688                . = ALIGN (0x8)

/DISCARD/
 libc.a(*)
 libm.a(*)
 libgcc.a(*)

.ARM.attributes
                0x0000000000000000       0x29
 *(.ARM.attributes)
 .ARM.attributes
                0x0000000000000000       0x1d c:/st/stm32cubeide_1.12.0/stm32cubeide/plugins/com.st.stm32cube.ide.mcu.externaltools.gnu-tools-for-stm32.10.3-2021.10.win32_1.0.200.202301161003/tools/bin/../lib/gcc/arm-none-eabi/10.3.1/thumb/v7-m/nofp/crti.o
 .ARM.attributes
                0x000000000000001d       0x2d c:/st/stm32cubeide_1.12.0/stm32cubeide/plugins/com.st.stm32cube.ide.mcu.externaltools.gnu-tools-for-stm32.10.3-2021.10.win32_1.0.200.202301161003/tools/bin/../lib/gcc/arm-none-eabi/10.3.1/thumb/v7-m/nofp/crtbegin.o
 .ARM.attributes
                0x000000000000004a       0x2d ./Core/Src/main.o
 .ARM.attributes
                0x0000000000000077       0x2d ./Core/Src/stm32f1xx_hal_msp.o
 .ARM.attributes
                0x00000000000000a4       0x2d ./Core/Src/stm32f1xx_it.o
 .ARM.attributes
                0x00000000000000d1       0x2d ./Core/Src/system_stm32f1xx.o
 .ARM.attributes
                0x00000000000000fe       0x21 ./Core/Startup/startup_stm32f103cbtx.o
 .ARM.attributes
                0x000000000000011f       0x2d ./Drivers/STM32F1xx_HAL_Driver/Src/stm32f1xx_hal.o
 .ARM.attributes
                0x000000000000014c       0x2d ./Drivers/STM32F1xx_HAL_Driver/Src/stm32f1xx_hal_cortex.o
 .ARM.attributes
                0x0000000000000179       0x2d ./Drivers/STM32F1xx_HAL_Driver/Src/stm32f1xx_hal_crc.o
 .ARM.attributes
                0x00000000000001a6       0x2d ./Drivers/STM32F1xx_HAL_Driver/Src/stm32f1xx_hal_gpio.o
 .ARM.attributes
                0x00000000000001d3       0x2d ./Drivers/STM32F1xx_HAL_Driver/Src/stm32f1xx_hal_i2c.o
 .ARM.attributes
                0x0000000000000200       0x2d ./Drivers/STM32F1xx_HAL_Driver/Src/stm32f1xx_hal_rcc.o
 .ARM.attributes
                0x000000000000022d       0x2d c:/st/stm32cubeide_1.12.0/stm32cubeide/plugins/com.st.stm32cube.ide.mcu.externaltools.gnu-tools-for-stm32.10.3-2021.10.win32_1.0.200.202301161003/tools/bin/../lib/gcc/arm-none-eabi/10.3.1/../../../../arm-none-eabi/lib/thumb/v7-m/nofp\libc_nano.a(lib_a-init.o)
 .ARM.attributes
                0x000000000000025a       0x2d c:/st/stm32cubeide_1.12.0/stm32cubeide/plugins/com.st.stm32cube.ide.mcu.externaltools.gnu-tools-for-stm32.10.3-2021.10.win32_1.0.200.202301161003/tools/bin/../lib/gcc/arm-none-eabi/10.3.1/../../../../arm-none-eabi/lib/thumb/v7-m/nofp\libc_nano.a(lib_a-memset.o)
 .ARM.attributes
                0x0000000000000287       0x1d c:/st/stm32cubeide_1.12.0/stm32cubeide/plugins/com.st.stm32cube.ide.mcu.externaltools.gnu-tools-for-stm32.10.3-2021.10.win32_1.0.200.202301161003/tools/bin/../lib/gcc/arm-none-eabi/10.3.1/thumb/v7-m/nofp/crtn.o
OUTPUT(Testing_P.elf elf32-littlearm)
LOAD linker stubs
LOAD c:/st/stm32cubeide_1.12.0/stm32cubeide/plugins/com.st.stm32cube.ide.mcu.externaltools.gnu-tools-for-stm32.10.3-2021.10.win32_1.0.200.202301161003/tools/bin/../lib/gcc/arm-none-eabi/10.3.1/../../../../arm-none-eabi/lib/thumb/v7-m/nofp\libc.a
LOAD c:/st/stm32cubeide_1.12.0/stm32cubeide/plugins/com.st.stm32cube.ide.mcu.externaltools.gnu-tools-for-stm32.10.3-2021.10.win32_1.0.200.202301161003/tools/bin/../lib/gcc/arm-none-eabi/10.3.1/../../../../arm-none-eabi/lib/thumb/v7-m/nofp\libm.a
LOAD c:/st/stm32cubeide_1.12.0/stm32cubeide/plugins/com.st.stm32cube.ide.mcu.externaltools.gnu-tools-for-stm32.10.3-2021.10.win32_1.0.200.202301161003/tools/bin/../lib/gcc/arm-none-eabi/10.3.1/thumb/v7-m/nofp\libgcc.a

.debug_info     0x0000000000000000     0x62e4
 .debug_info    0x0000000000000000      0xa0b ./Core/Src/main.o
 .debug_info    0x0000000000000a0b      0x978 ./Core/Src/stm32f1xx_hal_msp.o
 .debug_info    0x0000000000001383      0x122 ./Core/Src/stm32f1xx_it.o
 .debug_info    0x00000000000014a5      0x23d ./Core/Src/system_stm32f1xx.o
 .debug_info    0x00000000000016e2       0x22 ./Core/Startup/startup_stm32f103cbtx.o
 .debug_info    0x0000000000001704      0x734 ./Drivers/STM32F1xx_HAL_Driver/Src/stm32f1xx_hal.o
 .debug_info    0x0000000000001e38      0xb20 ./Drivers/STM32F1xx_HAL_Driver/Src/stm32f1xx_hal_cortex.o
 .debug_info    0x0000000000002958      0x3b1 ./Drivers/STM32F1xx_HAL_Driver/Src/stm32f1xx_hal_crc.o
 .debug_info    0x0000000000002d09      0x615 ./Drivers/STM32F1xx_HAL_Driver/Src/stm32f1xx_hal_gpio.o
 .debug_info    0x000000000000331e     0x2761 ./Drivers/STM32F1xx_HAL_Driver/Src/stm32f1xx_hal_i2c.o
 .debug_info    0x0000000000005a7f      0x865 ./Drivers/STM32F1xx_HAL_Driver/Src/stm32f1xx_hal_rcc.o

.debug_abbrev   0x0000000000000000     0x12fb
 .debug_abbrev  0x0000000000000000      0x224 ./Core/Src/main.o
 .debug_abbrev  0x0000000000000224      0x19e ./Core/Src/stm32f1xx_hal_msp.o
 .debug_abbrev  0x00000000000003c2       0x74 ./Core/Src/stm32f1xx_it.o
 .debug_abbrev  0x0000000000000436      0x13b ./Core/Src/system_stm32f1xx.o
 .debug_abbrev  0x0000000000000571       0x12 ./Core/Startup/startup_stm32f103cbtx.o
 .debug_abbrev  0x0000000000000583      0x1fb ./Drivers/STM32F1xx_HAL_Driver/Src/stm32f1xx_hal.o
 .debug_abbrev  0x000000000000077e      0x2ed ./Drivers/STM32F1xx_HAL_Driver/Src/stm32f1xx_hal_cortex.o
 .debug_abbrev  0x0000000000000a6b      0x1a5 ./Drivers/STM32F1xx_HAL_Driver/Src/stm32f1xx_hal_crc.o
 .debug_abbrev  0x0000000000000c10      0x1bb ./Drivers/STM32F1xx_HAL_Driver/Src/stm32f1xx_hal_gpio.o
 .debug_abbrev  0x0000000000000dcb      0x288 ./Drivers/STM32F1xx_HAL_Driver/Src/stm32f1xx_hal_i2c.o
 .debug_abbrev  0x0000000000001053      0x2a8 ./Drivers/STM32F1xx_HAL_Driver/Src/stm32f1xx_hal_rcc.o

.debug_aranges  0x0000000000000000      0x6f8
 .debug_aranges
                0x0000000000000000       0x48 ./Core/Src/main.o
 .debug_aranges
                0x0000000000000048       0x40 ./Core/Src/stm32f1xx_hal_msp.o
 .debug_aranges
                0x0000000000000088       0x60 ./Core/Src/stm32f1xx_it.o
 .debug_aranges
                0x00000000000000e8       0x28 ./Core/Src/system_stm32f1xx.o
 .debug_aranges
                0x0000000000000110       0x28 ./Core/Startup/startup_stm32f103cbtx.o
 .debug_aranges
                0x0000000000000138       0xe0 ./Drivers/STM32F1xx_HAL_Driver/Src/stm32f1xx_hal.o
 .debug_aranges
                0x0000000000000218      0x100 ./Drivers/STM32F1xx_HAL_Driver/Src/stm32f1xx_hal_cortex.o
 .debug_aranges
                0x0000000000000318       0x50 ./Drivers/STM32F1xx_HAL_Driver/Src/stm32f1xx_hal_crc.o
 .debug_aranges
                0x0000000000000368       0x58 ./Drivers/STM32F1xx_HAL_Driver/Src/stm32f1xx_hal_gpio.o
 .debug_aranges
                0x00000000000003c0      0x2a8 ./Drivers/STM32F1xx_HAL_Driver/Src/stm32f1xx_hal_i2c.o
 .debug_aranges
                0x0000000000000668       0x90 ./Drivers/STM32F1xx_HAL_Driver/Src/stm32f1xx_hal_rcc.o

.debug_ranges   0x0000000000000000      0x668
 .debug_ranges  0x0000000000000000       0x38 ./Core/Src/main.o
 .debug_ranges  0x0000000000000038       0x30 ./Core/Src/stm32f1xx_hal_msp.o
 .debug_ranges  0x0000000000000068       0x50 ./Core/Src/stm32f1xx_it.o
 .debug_ranges  0x00000000000000b8       0x18 ./Core/Src/system_stm32f1xx.o
 .debug_ranges  0x00000000000000d0       0x20 ./Core/Startup/startup_stm32f103cbtx.o
 .debug_ranges  0x00000000000000f0       0xd0 ./Drivers/STM32F1xx_HAL_Driver/Src/stm32f1xx_hal.o
 .debug_ranges  0x00000000000001c0       0xf0 ./Drivers/STM32F1xx_HAL_Driver/Src/stm32f1xx_hal_cortex.o
 .debug_ranges  0x00000000000002b0       0x40 ./Drivers/STM32F1xx_HAL_Driver/Src/stm32f1xx_hal_crc.o
 .debug_ranges  0x00000000000002f0       0x48 ./Drivers/STM32F1xx_HAL_Driver/Src/stm32f1xx_hal_gpio.o
 .debug_ranges  0x0000000000000338      0x2b0 ./Drivers/STM32F1xx_HAL_Driver/Src/stm32f1xx_hal_i2c.o
 .debug_ranges  0x00000000000005e8       0x80 ./Drivers/STM32F1xx_HAL_Driver/Src/stm32f1xx_hal_rcc.o

.debug_macro    0x0000000000000000    0x15f9a
 .debug_macro   0x0000000000000000      0x1a2 ./Core/Src/main.o
 .debug_macro   0x00000000000001a2      0xa6c ./Core/Src/main.o
 .debug_macro   0x0000000000000c0e      0x21b ./Core/Src/main.o
 .debug_macro   0x0000000000000e29       0x2e ./Core/Src/main.o
 .debug_macro   0x0000000000000e57       0x22 ./Core/Src/main.o
 .debug_macro   0x0000000000000e79       0x22 ./Core/Src/main.o
 .debug_macro   0x0000000000000e9b       0x8e ./Core/Src/main.o
 .debug_macro   0x0000000000000f29       0x51 ./Core/Src/main.o
 .debug_macro   0x0000000000000f7a      0x103 ./Core/Src/main.o
 .debug_macro   0x000000000000107d       0x6a ./Core/Src/main.o
 .debug_macro   0x00000000000010e7      0x1df ./Core/Src/main.o
 .debug_macro   0x00000000000012c6       0x1c ./Core/Src/main.o
 .debug_macro   0x00000000000012e2       0x22 ./Core/Src/main.o
 .debug_macro   0x0000000000001304       0xbd ./Core/Src/main.o
 .debug_macro   0x00000000000013c1      0xd23 ./Core/Src/main.o
 .debug_macro   0x00000000000020e4     0xe09e ./Core/Src/main.o
 .debug_macro   0x0000000000010182       0x6d ./Core/Src/main.o
 .debug_macro   0x00000000000101ef     0x348d ./Core/Src/main.o
 .debug_macro   0x000000000001367c      0x174 ./Core/Src/main.o
 .debug_macro   0x00000000000137f0       0x5c ./Core/Src/main.o
 .debug_macro   0x000000000001384c      0x5bc ./Core/Src/main.o
 .debug_macro   0x0000000000013e08      0x289 ./Core/Src/main.o
 .debug_macro   0x0000000000014091      0x1cb ./Core/Src/main.o
 .debug_macro   0x000000000001425c      0x114 ./Core/Src/main.o
 .debug_macro   0x0000000000014370      0x1b2 ./Core/Src/main.o
 .debug_macro   0x0000000000014522       0x27 ./Core/Src/main.o
 .debug_macro   0x0000000000014549      0x136 ./Core/Src/main.o
 .debug_macro   0x000000000001467f      0x1bc ./Core/Src/main.o
 .debug_macro   0x000000000001483b       0x34 ./Core/Src/main.o
 .debug_macro   0x000000000001486f       0x3c ./Core/Src/main.o
 .debug_macro   0x00000000000148ab       0x57 ./Core/Src/main.o
 .debug_macro   0x0000000000014902       0x22 ./Core/Src/main.o
 .debug_macro   0x0000000000014924       0x87 ./Core/Src/main.o
 .debug_macro   0x00000000000149ab      0x240 ./Core/Src/main.o
 .debug_macro   0x0000000000014beb      0x287 ./Core/Src/main.o
 .debug_macro   0x0000000000014e72      0x140 ./Core/Src/main.o
 .debug_macro   0x0000000000014fb2       0x83 ./Core/Src/main.o
 .debug_macro   0x0000000000015035      0x1a2 ./Core/Src/stm32f1xx_hal_msp.o
 .debug_macro   0x00000000000151d7      0x1ac ./Core/Src/stm32f1xx_it.o
 .debug_macro   0x0000000000015383      0x198 ./Core/Src/system_stm32f1xx.o
 .debug_macro   0x000000000001551b      0x1bc ./Drivers/STM32F1xx_HAL_Driver/Src/stm32f1xx_hal.o
 .debug_macro   0x00000000000156d7      0x198 ./Drivers/STM32F1xx_HAL_Driver/Src/stm32f1xx_hal_cortex.o
 .debug_macro   0x000000000001586f      0x198 ./Drivers/STM32F1xx_HAL_Driver/Src/stm32f1xx_hal_crc.o
 .debug_macro   0x0000000000015a07      0x203 ./Drivers/STM32F1xx_HAL_Driver/Src/stm32f1xx_hal_gpio.o
 .debug_macro   0x0000000000015c0a      0x1e6 ./Drivers/STM32F1xx_HAL_Driver/Src/stm32f1xx_hal_i2c.o
 .debug_macro   0x0000000000015df0      0x1aa ./Drivers/STM32F1xx_HAL_Driver/Src/stm32f1xx_hal_rcc.o

.debug_line     0x0000000000000000     0x8974
 .debug_line    0x0000000000000000      0x746 ./Core/Src/main.o
 .debug_line    0x0000000000000746      0x6e0 ./Core/Src/stm32f1xx_hal_msp.o
 .debug_line    0x0000000000000e26      0x721 ./Core/Src/stm32f1xx_it.o
 .debug_line    0x0000000000001547      0x6dd ./Core/Src/system_stm32f1xx.o
 .debug_line    0x0000000000001c24       0x86 ./Core/Startup/startup_stm32f103cbtx.o
 .debug_line    0x0000000000001caa      0x90a ./Drivers/STM32F1xx_HAL_Driver/Src/stm32f1xx_hal.o
 .debug_line    0x00000000000025b4      0xaf2 ./Drivers/STM32F1xx_HAL_Driver/Src/stm32f1xx_hal_cortex.o
 .debug_line    0x00000000000030a6      0x7a5 ./Drivers/STM32F1xx_HAL_Driver/Src/stm32f1xx_hal_crc.o
 .debug_line    0x000000000000384b      0x9a3 ./Drivers/STM32F1xx_HAL_Driver/Src/stm32f1xx_hal_gpio.o
 .debug_line    0x00000000000041ee     0x3a70 ./Drivers/STM32F1xx_HAL_Driver/Src/stm32f1xx_hal_i2c.o
 .debug_line    0x0000000000007c5e      0xd16 ./Drivers/STM32F1xx_HAL_Driver/Src/stm32f1xx_hal_rcc.o

.debug_str      0x0000000000000000    0x7e5fa
 .debug_str     0x0000000000000000    0x7c91a ./Core/Src/main.o
                                      0x7ccbb (size before relaxing)
 .debug_str     0x000000000007c91a       0xd0 ./Core/Src/stm32f1xx_hal_msp.o
                                      0x7cb8d (size before relaxing)
 .debug_str     0x000000000007c9ea       0xc9 ./Core/Src/stm32f1xx_it.o
                                      0x7c5f9 (size before relaxing)
 .debug_str     0x000000000007cab3       0x7e ./Core/Src/system_stm32f1xx.o
                                      0x7c60f (size before relaxing)
 .debug_str     0x000000000007cb31       0x36 ./Core/Startup/startup_stm32f103cbtx.o
                                         0x73 (size before relaxing)
 .debug_str     0x000000000007cb67      0x611 ./Drivers/STM32F1xx_HAL_Driver/Src/stm32f1xx_hal.o
                                      0x7cd42 (size before relaxing)
 .debug_str     0x000000000007d178      0x2bb ./Drivers/STM32F1xx_HAL_Driver/Src/stm32f1xx_hal_cortex.o
                                      0x7cc8e (size before relaxing)
 .debug_str     0x000000000007d433       0x9d ./Drivers/STM32F1xx_HAL_Driver/Src/stm32f1xx_hal_crc.o
                                      0x7c751 (size before relaxing)
 .debug_str     0x000000000007d4d0      0x341 ./Drivers/STM32F1xx_HAL_Driver/Src/stm32f1xx_hal_gpio.o
                                      0x7c995 (size before relaxing)
 .debug_str     0x000000000007d811      0xbe0 ./Drivers/STM32F1xx_HAL_Driver/Src/stm32f1xx_hal_i2c.o
                                      0x7d6d6 (size before relaxing)
 .debug_str     0x000000000007e3f1      0x209 ./Drivers/STM32F1xx_HAL_Driver/Src/stm32f1xx_hal_rcc.o
                                      0x7ca3e (size before relaxing)

.comment        0x0000000000000000       0x50
 .comment       0x0000000000000000       0x50 ./Core/Src/main.o
                                         0x51 (size before relaxing)
 .comment       0x0000000000000050       0x51 ./Core/Src/stm32f1xx_hal_msp.o
 .comment       0x0000000000000050       0x51 ./Core/Src/stm32f1xx_it.o
 .comment       0x0000000000000050       0x51 ./Core/Src/system_stm32f1xx.o
 .comment       0x0000000000000050       0x51 ./Drivers/STM32F1xx_HAL_Driver/Src/stm32f1xx_hal.o
 .comment       0x0000000000000050       0x51 ./Drivers/STM32F1xx_HAL_Driver/Src/stm32f1xx_hal_cortex.o
 .comment       0x0000000000000050       0x51 ./Drivers/STM32F1xx_HAL_Driver/Src/stm32f1xx_hal_crc.o
 .comment       0x0000000000000050       0x51 ./Drivers/STM32F1xx_HAL_Driver/Src/stm32f1xx_hal_gpio.o
 .comment       0x0000000000000050       0x51 ./Drivers/STM32F1xx_HAL_Driver/Src/stm32f1xx_hal_i2c.o
 .comment       0x0000000000000050       0x51 ./Drivers/STM32F1xx_HAL_Driver/Src/stm32f1xx_hal_rcc.o

.debug_frame    0x0000000000000000     0x1ba4
 .debug_frame   0x0000000000000000       0xc8 ./Core/Src/main.o
 .debug_frame   0x00000000000000c8       0xd0 ./Core/Src/stm32f1xx_hal_msp.o
 .debug_frame   0x0000000000000198      0x104 ./Core/Src/stm32f1xx_it.o
 .debug_frame   0x000000000000029c       0x58 ./Core/Src/system_stm32f1xx.o
 .debug_frame   0x00000000000002f4      0x334 ./Drivers/STM32F1xx_HAL_Driver/Src/stm32f1xx_hal.o
 .debug_frame   0x0000000000000628      0x428 ./Drivers/STM32F1xx_HAL_Driver/Src/stm32f1xx_hal_cortex.o
 .debug_frame   0x0000000000000a50      0x120 ./Drivers/STM32F1xx_HAL_Driver/Src/stm32f1xx_hal_crc.o
 .debug_frame   0x0000000000000b70      0x14c ./Drivers/STM32F1xx_HAL_Driver/Src/stm32f1xx_hal_gpio.o
 .debug_frame   0x0000000000000cbc      0xc84 ./Drivers/STM32F1xx_HAL_Driver/Src/stm32f1xx_hal_i2c.o
 .debug_frame   0x0000000000001940      0x218 ./Drivers/STM32F1xx_HAL_Driver/Src/stm32f1xx_hal_rcc.o
 .debug_frame   0x0000000000001b58       0x2c c:/st/stm32cubeide_1.12.0/stm32cubeide/plugins/com.st.stm32cube.ide.mcu.externaltools.gnu-tools-for-stm32.10.3-2021.10.win32_1.0.200.202301161003/tools/bin/../lib/gcc/arm-none-eabi/10.3.1/../../../../arm-none-eabi/lib/thumb/v7-m/nofp\libc_nano.a(lib_a-init.o)
 .debug_frame   0x0000000000001b84       0x20 c:/st/stm32cubeide_1.12.0/stm32cubeide/plugins/com.st.stm32cube.ide.mcu.externaltools.gnu-tools-for-stm32.10.3-2021.10.win32_1.0.200.202301161003/tools/bin/../lib/gcc/arm-none-eabi/10.3.1/../../../../arm-none-eabi/lib/thumb/v7-m/nofp\libc_nano.a(lib_a-memset.o)
